../Drivers/STM32L0xx_HAL_Driver/Inc/stm32l0xx_ll_tim.h:901:22:LL_TIM_EnableCounter	16	static
../Drivers/STM32L0xx_HAL_Driver/Inc/stm32l0xx_ll_tim.h:1281:22:LL_TIM_CC_EnableChannel	16	static
../Drivers/STM32L0xx_HAL_Driver/Inc/stm32l0xx_ll_tim.h:1678:22:LL_TIM_OC_SetCompareCH1	16	static
../Drivers/STM32L0xx_HAL_Driver/Inc/stm32l0xx_ll_tim.h:2799:22:LL_TIM_EnableIT_UPDATE	16	static
../Core/Src/led.c:18:6:LedStart	8	static
../Core/Src/led.c:28:6:LedSetValue	16	static
../Core/Src/led.c:34:6:LedPulse	8	static
