Archive member included to satisfy reference by file (symbol)

/opt/st/stm32cubeide_1.14.0/plugins/com.st.stm32cube.ide.mcu.externaltools.gnu-tools-for-stm32.11.3.rel1.linux64_1.1.100.202309141235/tools/bin/../lib/gcc/arm-none-eabi/11.3.1/../../../../arm-none-eabi/lib/thumb/v6-m/nofp/libc_nano.a(libc_a-exit.o)
                              /opt/st/stm32cubeide_1.14.0/plugins/com.st.stm32cube.ide.mcu.externaltools.gnu-tools-for-stm32.11.3.rel1.linux64_1.1.100.202309141235/tools/bin/../lib/gcc/arm-none-eabi/11.3.1/../../../../arm-none-eabi/lib/thumb/v6-m/nofp/crt0.o (exit)
/opt/st/stm32cubeide_1.14.0/plugins/com.st.stm32cube.ide.mcu.externaltools.gnu-tools-for-stm32.11.3.rel1.linux64_1.1.100.202309141235/tools/bin/../lib/gcc/arm-none-eabi/11.3.1/../../../../arm-none-eabi/lib/thumb/v6-m/nofp/libc_nano.a(libc_a-findfp.o)
                              /opt/st/stm32cubeide_1.14.0/plugins/com.st.stm32cube.ide.mcu.externaltools.gnu-tools-for-stm32.11.3.rel1.linux64_1.1.100.202309141235/tools/bin/../lib/gcc/arm-none-eabi/11.3.1/../../../../arm-none-eabi/lib/thumb/v6-m/nofp/libc_nano.a(libc_a-exit.o) (__stdio_exit_handler)
/opt/st/stm32cubeide_1.14.0/plugins/com.st.stm32cube.ide.mcu.externaltools.gnu-tools-for-stm32.11.3.rel1.linux64_1.1.100.202309141235/tools/bin/../lib/gcc/arm-none-eabi/11.3.1/../../../../arm-none-eabi/lib/thumb/v6-m/nofp/libc_nano.a(libc_a-fwalk.o)
                              /opt/st/stm32cubeide_1.14.0/plugins/com.st.stm32cube.ide.mcu.externaltools.gnu-tools-for-stm32.11.3.rel1.linux64_1.1.100.202309141235/tools/bin/../lib/gcc/arm-none-eabi/11.3.1/../../../../arm-none-eabi/lib/thumb/v6-m/nofp/libc_nano.a(libc_a-findfp.o) (_fwalk_sglue)
/opt/st/stm32cubeide_1.14.0/plugins/com.st.stm32cube.ide.mcu.externaltools.gnu-tools-for-stm32.11.3.rel1.linux64_1.1.100.202309141235/tools/bin/../lib/gcc/arm-none-eabi/11.3.1/../../../../arm-none-eabi/lib/thumb/v6-m/nofp/libc_nano.a(libc_a-stdio.o)
                              /opt/st/stm32cubeide_1.14.0/plugins/com.st.stm32cube.ide.mcu.externaltools.gnu-tools-for-stm32.11.3.rel1.linux64_1.1.100.202309141235/tools/bin/../lib/gcc/arm-none-eabi/11.3.1/../../../../arm-none-eabi/lib/thumb/v6-m/nofp/libc_nano.a(libc_a-findfp.o) (__sread)
/opt/st/stm32cubeide_1.14.0/plugins/com.st.stm32cube.ide.mcu.externaltools.gnu-tools-for-stm32.11.3.rel1.linux64_1.1.100.202309141235/tools/bin/../lib/gcc/arm-none-eabi/11.3.1/../../../../arm-none-eabi/lib/thumb/v6-m/nofp/libc_nano.a(libc_a-memset.o)
                              /opt/st/stm32cubeide_1.14.0/plugins/com.st.stm32cube.ide.mcu.externaltools.gnu-tools-for-stm32.11.3.rel1.linux64_1.1.100.202309141235/tools/bin/../lib/gcc/arm-none-eabi/11.3.1/../../../../arm-none-eabi/lib/thumb/v6-m/nofp/crt0.o (memset)
/opt/st/stm32cubeide_1.14.0/plugins/com.st.stm32cube.ide.mcu.externaltools.gnu-tools-for-stm32.11.3.rel1.linux64_1.1.100.202309141235/tools/bin/../lib/gcc/arm-none-eabi/11.3.1/../../../../arm-none-eabi/lib/thumb/v6-m/nofp/libc_nano.a(libc_a-closer.o)
                              /opt/st/stm32cubeide_1.14.0/plugins/com.st.stm32cube.ide.mcu.externaltools.gnu-tools-for-stm32.11.3.rel1.linux64_1.1.100.202309141235/tools/bin/../lib/gcc/arm-none-eabi/11.3.1/../../../../arm-none-eabi/lib/thumb/v6-m/nofp/libc_nano.a(libc_a-stdio.o) (_close_r)
/opt/st/stm32cubeide_1.14.0/plugins/com.st.stm32cube.ide.mcu.externaltools.gnu-tools-for-stm32.11.3.rel1.linux64_1.1.100.202309141235/tools/bin/../lib/gcc/arm-none-eabi/11.3.1/../../../../arm-none-eabi/lib/thumb/v6-m/nofp/libc_nano.a(libc_a-reent.o)
                              /opt/st/stm32cubeide_1.14.0/plugins/com.st.stm32cube.ide.mcu.externaltools.gnu-tools-for-stm32.11.3.rel1.linux64_1.1.100.202309141235/tools/bin/../lib/gcc/arm-none-eabi/11.3.1/../../../../arm-none-eabi/lib/thumb/v6-m/nofp/libc_nano.a(libc_a-closer.o) (errno)
/opt/st/stm32cubeide_1.14.0/plugins/com.st.stm32cube.ide.mcu.externaltools.gnu-tools-for-stm32.11.3.rel1.linux64_1.1.100.202309141235/tools/bin/../lib/gcc/arm-none-eabi/11.3.1/../../../../arm-none-eabi/lib/thumb/v6-m/nofp/libc_nano.a(libc_a-impure.o)
                              /opt/st/stm32cubeide_1.14.0/plugins/com.st.stm32cube.ide.mcu.externaltools.gnu-tools-for-stm32.11.3.rel1.linux64_1.1.100.202309141235/tools/bin/../lib/gcc/arm-none-eabi/11.3.1/../../../../arm-none-eabi/lib/thumb/v6-m/nofp/libc_nano.a(libc_a-reent.o) (_impure_ptr)
/opt/st/stm32cubeide_1.14.0/plugins/com.st.stm32cube.ide.mcu.externaltools.gnu-tools-for-stm32.11.3.rel1.linux64_1.1.100.202309141235/tools/bin/../lib/gcc/arm-none-eabi/11.3.1/../../../../arm-none-eabi/lib/thumb/v6-m/nofp/libc_nano.a(libc_a-lseekr.o)
                              /opt/st/stm32cubeide_1.14.0/plugins/com.st.stm32cube.ide.mcu.externaltools.gnu-tools-for-stm32.11.3.rel1.linux64_1.1.100.202309141235/tools/bin/../lib/gcc/arm-none-eabi/11.3.1/../../../../arm-none-eabi/lib/thumb/v6-m/nofp/libc_nano.a(libc_a-stdio.o) (_lseek_r)
[...]
Memory Configuration

Name             Origin             Length             Attributes
RAM              0x0000000020000000 0x0000000000000800 xrw
FLASH            0x0000000008000000 0x0000000000004000 xr
*default*        0x0000000000000000 0xffffffffffffffff

Linker script and memory map

LOAD /opt/st/stm32cubeide_1.14.0/plugins/com.st.stm32cube.ide.mcu.externaltools.gnu-tools-for-stm32.11.3.rel1.linux64_1.1.100.202309141235/tools/bin/../lib/gcc/arm-none-eabi/11.3.1/thumb/v6-m/nofp/crti.o
LOAD /opt/st/stm32cubeide_1.14.0/plugins/com.st.stm32cube.ide.mcu.externaltools.gnu-tools-for-stm32.11.3.rel1.linux64_1.1.100.202309141235/tools/bin/../lib/gcc/arm-none-eabi/11.3.1/thumb/v6-m/nofp/crtbegin.o
LOAD /opt/st/stm32cubeide_1.14.0/plugins/com.st.stm32cube.ide.mcu.externaltools.gnu-tools-for-stm32.11.3.rel1.linux64_1.1.100.202309141235/tools/bin/../lib/gcc/arm-none-eabi/11.3.1/../../../../arm-none-eabi/lib/thumb/v6-m/nofp/crt0.o
LOAD ./Core/Src/Serial.o
LOAD ./Core/Src/TimeBase.o
LOAD ./Core/Src/adc.o
LOAD ./Core/Src/gpio.o
LOAD ./Core/Src/led.o
LOAD ./Core/Src/main.o
LOAD ./Core/Src/spi.o
LOAD ./Core/Src/stm32l0xx_it.o
LOAD ./Core/Src/syscalls.o
LOAD ./Core/Src/sysmem.o
LOAD ./Core/Src/system_stm32l0xx.o
LOAD ./Core/Src/tim.o
LOAD ./Core/Src/usart.o
LOAD ./Core/Startup/startup_stm32l021k4tx.o
LOAD ./Drivers/STM32L0xx_HAL_Driver/Src/stm32l0xx_ll_adc.o
LOAD ./Drivers/STM32L0xx_HAL_Driver/Src/stm32l0xx_ll_dma.o
LOAD ./Drivers/STM32L0xx_HAL_Driver/Src/stm32l0xx_ll_exti.o
LOAD ./Drivers/STM32L0xx_HAL_Driver/Src/stm32l0xx_ll_gpio.o
LOAD ./Drivers/STM32L0xx_HAL_Driver/Src/stm32l0xx_ll_pwr.o
LOAD ./Drivers/STM32L0xx_HAL_Driver/Src/stm32l0xx_ll_rcc.o
LOAD ./Drivers/STM32L0xx_HAL_Driver/Src/stm32l0xx_ll_spi.o
LOAD ./Drivers/STM32L0xx_HAL_Driver/Src/stm32l0xx_ll_tim.o
LOAD ./Drivers/STM32L0xx_HAL_Driver/Src/stm32l0xx_ll_usart.o
LOAD ./Drivers/STM32L0xx_HAL_Driver/Src/stm32l0xx_ll_utils.o
START GROUP
LOAD /opt/st/stm32cubeide_1.14.0/plugins/com.st.stm32cube.ide.mcu.externaltools.gnu-tools-for-stm32.11.3.rel1.linux64_1.1.100.202309141235/tools/bin/../lib/gcc/arm-none-eabi/11.3.1/../../../../arm-none-eabi/lib/thumb/v6-m/nofp/libc_nano.a
LOAD /opt/st/stm32cubeide_1.14.0/plugins/com.st.stm32cube.ide.mcu.externaltools.gnu-tools-for-stm32.11.3.rel1.linux64_1.1.100.202309141235/tools/bin/../lib/gcc/arm-none-eabi/11.3.1/../../../../arm-none-eabi/lib/thumb/v6-m/nofp/libm.a
END GROUP
START GROUP
LOAD /opt/st/stm32cubeide_1.14.0/plugins/com.st.stm32cube.ide.mcu.externaltools.gnu-tools-for-stm32.11.3.rel1.linux64_1.1.100.202309141235/tools/bin/../lib/gcc/arm-none-eabi/11.3.1/thumb/v6-m/nofp/libgcc.a
LOAD /opt/st/stm32cubeide_1.14.0/plugins/com.st.stm32cube.ide.mcu.externaltools.gnu-tools-for-stm32.11.3.rel1.linux64_1.1.100.202309141235/tools/bin/../lib/gcc/arm-none-eabi/11.3.1/../../../../arm-none-eabi/lib/thumb/v6-m/nofp/libc_nano.a
END GROUP
START GROUP
LOAD /opt/st/stm32cubeide_1.14.0/plugins/com.st.stm32cube.ide.mcu.externaltools.gnu-tools-for-stm32.11.3.rel1.linux64_1.1.100.202309141235/tools/bin/../lib/gcc/arm-none-eabi/11.3.1/thumb/v6-m/nofp/libgcc.a
LOAD /opt/st/stm32cubeide_1.14.0/plugins/com.st.stm32cube.ide.mcu.externaltools.gnu-tools-for-stm32.11.3.rel1.linux64_1.1.100.202309141235/tools/bin/../lib/gcc/arm-none-eabi/11.3.1/../../../../arm-none-eabi/lib/thumb/v6-m/nofp/libc_nano.a
LOAD /opt/st/stm32cubeide_1.14.0/plugins/com.st.stm32cube.ide.mcu.externaltools.gnu-tools-for-stm32.11.3.rel1.linux64_1.1.100.202309141235/tools/bin/../lib/gcc/arm-none-eabi/11.3.1/../../../../arm-none-eabi/lib/thumb/v6-m/nofp/libnosys.a
END GROUP
START GROUP
LOAD /opt/st/stm32cubeide_1.14.0/plugins/com.st.stm32cube.ide.mcu.externaltools.gnu-tools-for-stm32.11.3.rel1.linux64_1.1.100.202309141235/tools/bin/../lib/gcc/arm-none-eabi/11.3.1/thumb/v6-m/nofp/libgcc.a
LOAD /opt/st/stm32cubeide_1.14.0/plugins/com.st.stm32cube.ide.mcu.externaltools.gnu-tools-for-stm32.11.3.rel1.linux64_1.1.100.202309141235/tools/bin/../lib/gcc/arm-none-eabi/11.3.1/../../../../arm-none-eabi/lib/thumb/v6-m/nofp/libc_nano.a
LOAD /opt/st/stm32cubeide_1.14.0/plugins/com.st.stm32cube.ide.mcu.externaltools.gnu-tools-for-stm32.11.3.rel1.linux64_1.1.100.202309141235/tools/bin/../lib/gcc/arm-none-eabi/11.3.1/../../../../arm-none-eabi/lib/thumb/v6-m/nofp/libnosys.a
END GROUP
LOAD /opt/st/stm32cubeide_1.14.0/plugins/com.st.stm32cube.ide.mcu.externaltools.gnu-tools-for-stm32.11.3.rel1.linux64_1.1.100.202309141235/tools/bin/../lib/gcc/arm-none-eabi/11.3.1/thumb/v6-m/nofp/crtend.o
LOAD /opt/st/stm32cubeide_1.14.0/plugins/com.st.stm32cube.ide.mcu.externaltools.gnu-tools-for-stm32.11.3.rel1.linux64_1.1.100.202309141235/tools/bin/../lib/gcc/arm-none-eabi/11.3.1/thumb/v6-m/nofp/crtn.o
                0x0000000020000800                _estack = (ORIGIN (RAM) + LENGTH (RAM))
                0x0000000000000200                _Min_Heap_Size = 0x200
                0x0000000000000400                _Min_Stack_Size = 0x400

.isr_vector     0x0000000008000000       0xc0
                0x0000000008000000                . = ALIGN (0x4)
 *(.isr_vector)
 .isr_vector    0x0000000008000000       0xc0 ./Core/Startup/startup_stm32l021k4tx.o
                0x0000000008000000                g_pfnVectors
                0x00000000080000c0                . = ALIGN (0x4)

.text           0x00000000080000c0     0x221c
                0x00000000080000c0                . = ALIGN (0x4)
 *(.text)
 .text          0x00000000080000c0       0x48 /opt/st/stm32cubeide_1.14.0/plugins/com.st.stm32cube.ide.mcu.externaltools.gnu-tools-for-stm32.11.3.rel1.linux64_1.1.100.202309141235/tools/bin/../lib/gcc/arm-none-eabi/11.3.1/thumb/v6-m/nofp/crtbegin.o
 .text          0x0000000008000108      0x114 /opt/st/stm32cubeide_1.14.0/plugins/com.st.stm32cube.ide.mcu.externaltools.gnu-tools-for-stm32.11.3.rel1.linux64_1.1.100.202309141235/tools/bin/../lib/gcc/arm-none-eabi/11.3.1/thumb/v6-m/nofp/libgcc.a(_udivsi3.o)
                0x0000000008000108                __udivsi3
                0x0000000008000108                __aeabi_uidiv
                0x0000000008000214                __aeabi_uidivmod
 .text          0x000000000800021c        0x4 /opt/st/stm32cubeide_1.14.0/plugins/com.st.stm32cube.ide.mcu.externaltools.gnu-tools-for-stm32.11.3.rel1.linux64_1.1.100.202309141235/tools/bin/../lib/gcc/arm-none-eabi/11.3.1/thumb/v6-m/nofp/libgcc.a(_dvmd_tls.o)
                0x000000000800021c                __aeabi_ldiv0
                0x000000000800021c                __aeabi_idiv0
 *(.text*)
 .text.LL_USART_IsActiveFlag_RXNE
                0x0000000008000220       0x22 ./Core/Src/Serial.o
 .text.LL_USART_IsActiveFlag_TXE
                0x0000000008000242       0x22 ./Core/Src/Serial.o
 .text.LL_USART_ReceiveData8
                0x0000000008000264       0x16 ./Core/Src/Serial.o
 .text.LL_USART_TransmitData8
                0x000000000800027a       0x1e ./Core/Src/Serial.o
 .text.SerialTransmit
                0x0000000008000298       0x54 ./Core/Src/Serial.o
                0x0000000008000298                SerialTransmit
 .text.SerialReceiveChar
                0x00000000080002ec       0x28 ./Core/Src/Serial.o
                0x00000000080002ec                SerialReceiveChar
 .text.LL_TIM_ClearFlag_UPDATE
                0x0000000008000314       0x18 ./Core/Src/TimeBase.o
 .text.TimeBaseStartIT
                0x000000000800032c       0x1c ./Core/Src/TimeBase.o
                0x000000000800032c                TimeBaseStartIT
 .text.LL_ADC_SetCommonFrequencyMode
                0x0000000008000348       0x28 ./Core/Src/adc.o
 .text.LL_ADC_SetSamplingTimeCommonChannels
                0x0000000008000370       0x24 ./Core/Src/adc.o
 .text.LL_ADC_REG_SetSequencerScanDirection
                0x0000000008000394       0x24 ./Core/Src/adc.o
 .text.LL_ADC_REG_SetSequencerChAdd
                0x00000000080003b8       0x22 ./Core/Src/adc.o
 .text.LL_ADC_SetOverSamplingScope
                0x00000000080003da       0x24 ./Core/Src/adc.o
 *fill*         0x00000000080003fe        0x2 
 .text.LL_ADC_EnableInternalRegulator
                0x0000000008000400       0x28 ./Core/Src/adc.o
 .text.LL_ADC_DisableIT_EOC
                0x0000000008000428       0x1e ./Core/Src/adc.o
 .text.LL_ADC_DisableIT_EOS
                0x0000000008000446       0x1e ./Core/Src/adc.o
 .text.LL_APB2_GRP1_EnableClock
                0x0000000008000464       0x2c ./Core/Src/adc.o
 .text.LL_IOP_GRP1_EnableClock
                0x0000000008000490       0x2c ./Core/Src/adc.o
 .text.MX_ADC_Init
                0x00000000080004bc      0x154 ./Core/Src/adc.o
                0x00000000080004bc                MX_ADC_Init
 .text.LL_IOP_GRP1_EnableClock
                0x0000000008000610       0x2c ./Core/Src/gpio.o
 .text.LL_GPIO_ResetOutputPin
                0x000000000800063c       0x18 ./Core/Src/gpio.o
 .text.MX_GPIO_Init
                0x0000000008000654       0x5a ./Core/Src/gpio.o
                0x0000000008000654                MX_GPIO_Init
 .text.LL_TIM_EnableCounter
                0x00000000080006ae       0x1c ./Core/Src/led.o
 .text.LL_TIM_CC_EnableChannel
                0x00000000080006ca       0x1e ./Core/Src/led.o
 .text.LL_TIM_OC_SetCompareCH1
                0x00000000080006e8       0x18 ./Core/Src/led.o
 .text.LL_TIM_EnableIT_UPDATE
                0x0000000008000700       0x1c ./Core/Src/led.o
 .text.LedStart
                0x000000000800071c       0x34 ./Core/Src/led.o
                0x000000000800071c                LedStart
 .text.LedSetValue
                0x0000000008000750       0x30 ./Core/Src/led.o
                0x0000000008000750                LedSetValue
 .text.LedPulse
                0x0000000008000780       0x48 ./Core/Src/led.o
                0x0000000008000780                LedPulse
 .text.__NVIC_SetPriority
                0x00000000080007c8       0xdc ./Core/Src/main.o
 .text.LL_RCC_HSI_Enable
                0x00000000080008a4       0x1c ./Core/Src/main.o
 .text.LL_RCC_HSI_IsReady
                0x00000000080008c0       0x20 ./Core/Src/main.o
 .text.LL_RCC_HSI_SetCalibTrimming
                0x00000000080008e0       0x2c ./Core/Src/main.o
 .text.LL_RCC_SetSysClkSource
                0x000000000800090c       0x28 ./Core/Src/main.o
 .text.LL_RCC_GetSysClkSource
                0x0000000008000934       0x18 ./Core/Src/main.o
 .text.LL_RCC_SetAHBPrescaler
                0x000000000800094c       0x28 ./Core/Src/main.o
 .text.LL_RCC_SetAPB1Prescaler
                0x0000000008000974       0x2c ./Core/Src/main.o
 .text.LL_RCC_SetAPB2Prescaler
                0x00000000080009a0       0x2c ./Core/Src/main.o
 .text.LL_RCC_SetUSARTClockSource
                0x00000000080009cc       0x30 ./Core/Src/main.o
 .text.LL_APB1_GRP1_EnableClock
                0x00000000080009fc       0x2c ./Core/Src/main.o
 .text.LL_APB2_GRP1_EnableClock
                0x0000000008000a28       0x2c ./Core/Src/main.o
 .text.LL_FLASH_SetLatency
                0x0000000008000a54       0x28 ./Core/Src/main.o
 .text.LL_FLASH_GetLatency
                0x0000000008000a7c       0x18 ./Core/Src/main.o
 .text.LL_PWR_SetRegulVoltageScaling
                0x0000000008000a94       0x2c ./Core/Src/main.o
 .text.LL_PWR_IsActiveFlag_VOS
                0x0000000008000ac0       0x20 ./Core/Src/main.o
 .text.LL_USART_EnableIT_RXNE
                0x0000000008000ae0       0x3e ./Core/Src/main.o
 .text.LL_USART_EnableIT_TXE
                0x0000000008000b1e       0x3e ./Core/Src/main.o
 .text.main     0x0000000008000b5c       0x70 ./Core/Src/main.o
                0x0000000008000b5c                main
 .text.SystemClock_Config
                0x0000000008000bcc       0x88 ./Core/Src/main.o
                0x0000000008000bcc                SystemClock_Config
 .text.LL_APB2_GRP1_EnableClock
                0x0000000008000c54       0x2c ./Core/Src/spi.o
 .text.LL_IOP_GRP1_EnableClock
                0x0000000008000c80       0x2c ./Core/Src/spi.o
 .text.LL_SPI_SetStandard
                0x0000000008000cac       0x24 ./Core/Src/spi.o
 .text.MX_SPI1_Init
                0x0000000008000cd0      0x130 ./Core/Src/spi.o
                0x0000000008000cd0                MX_SPI1_Init
 .text.NMI_Handler
                0x0000000008000e00        0x6 ./Core/Src/stm32l0xx_it.o
                0x0000000008000e00                NMI_Handler
 .text.HardFault_Handler
                0x0000000008000e06        0x6 ./Core/Src/stm32l0xx_it.o
                0x0000000008000e06                HardFault_Handler
 .text.SVC_Handler
                0x0000000008000e0c        0xa ./Core/Src/stm32l0xx_it.o
                0x0000000008000e0c                SVC_Handler
 .text.PendSV_Handler
                0x0000000008000e16        0xa ./Core/Src/stm32l0xx_it.o
                0x0000000008000e16                PendSV_Handler
 .text.SysTick_Handler
                0x0000000008000e20        0xa ./Core/Src/stm32l0xx_it.o
                0x0000000008000e20                SysTick_Handler
 .text.TIM21_IRQHandler
                0x0000000008000e2a        0xe ./Core/Src/stm32l0xx_it.o
                0x0000000008000e2a                TIM21_IRQHandler
 .text.SystemInit
                0x0000000008000e38        0xa ./Core/Src/system_stm32l0xx.o
                0x0000000008000e38                SystemInit
 *fill*         0x0000000008000e42        0x2 
 .text.__NVIC_EnableIRQ
                0x0000000008000e44       0x34 ./Core/Src/tim.o
 .text.__NVIC_SetPriority
                0x0000000008000e78       0xdc ./Core/Src/tim.o
 .text.LL_APB1_GRP1_EnableClock
                0x0000000008000f54       0x2c ./Core/Src/tim.o
 .text.LL_APB2_GRP1_EnableClock
                0x0000000008000f80       0x2c ./Core/Src/tim.o
 .text.LL_IOP_GRP1_EnableClock
                0x0000000008000fac       0x2c ./Core/Src/tim.o
 .text.LL_TIM_DisableARRPreload
                0x0000000008000fd8       0x1e ./Core/Src/tim.o
 *fill*         0x0000000008000ff6        0x2 
 .text.LL_TIM_OC_DisableFast
                0x0000000008000ff8       0x70 ./Core/Src/tim.o
 .text.LL_TIM_OC_EnablePreload
                0x0000000008001068       0x70 ./Core/Src/tim.o
 .text.LL_TIM_SetClockSource
                0x00000000080010d8       0x28 ./Core/Src/tim.o
 .text.LL_TIM_SetTriggerOutput
                0x0000000008001100       0x24 ./Core/Src/tim.o
 .text.LL_TIM_DisableMasterSlaveMode
                0x0000000008001124       0x1e ./Core/Src/tim.o
 .text.MX_TIM2_Init
                0x0000000008001142      0x10e ./Core/Src/tim.o
                0x0000000008001142                MX_TIM2_Init
 .text.MX_TIM21_Init
                0x0000000008001250       0x7c ./Core/Src/tim.o
                0x0000000008001250                MX_TIM21_Init
 .text.LL_APB1_GRP1_EnableClock
                0x00000000080012cc       0x2c ./Core/Src/usart.o
 .text.LL_IOP_GRP1_EnableClock
                0x00000000080012f8       0x2c ./Core/Src/usart.o
 .text.LL_USART_Enable
                0x0000000008001324       0x1c ./Core/Src/usart.o
 .text.LL_USART_ConfigAsyncMode
                0x0000000008001340       0x30 ./Core/Src/usart.o
 .text.MX_USART2_UART_Init
                0x0000000008001370       0xf0 ./Core/Src/usart.o
                0x0000000008001370                MX_USART2_UART_Init
 .text.Reset_Handler
                0x0000000008001460       0x80 ./Core/Startup/startup_stm32l021k4tx.o
                0x0000000008001460                Reset_Handler
 .text.Default_Handler
                0x00000000080014e0        0x2 ./Core/Startup/startup_stm32l021k4tx.o
                0x00000000080014e0                ADC1_COMP_IRQHandler
                0x00000000080014e0                PVD_IRQHandler
                0x00000000080014e0                I2C1_IRQHandler
                0x00000000080014e0                SPI1_IRQHandler
                0x00000000080014e0                EXTI2_3_IRQHandler
                0x00000000080014e0                AES_LPUART1_IRQHandler
                0x00000000080014e0                RTC_IRQHandler
                0x00000000080014e0                EXTI4_15_IRQHandler
                0x00000000080014e0                RCC_IRQHandler
                0x00000000080014e0                DMA1_Channel1_IRQHandler
                0x00000000080014e0                Default_Handler
                0x00000000080014e0                DMA1_Channel4_5_IRQHandler
                0x00000000080014e0                EXTI0_1_IRQHandler
                0x00000000080014e0                WWDG_IRQHandler
                0x00000000080014e0                TIM2_IRQHandler
                0x00000000080014e0                DMA1_Channel2_3_IRQHandler
                0x00000000080014e0                USART2_IRQHandler
                0x00000000080014e0                FLASH_IRQHandler
                0x00000000080014e0                LPTIM1_IRQHandler
 .text.LL_ADC_IsEnabled
                0x00000000080014e2       0x20 ./Drivers/STM32L0xx_HAL_Driver/Src/stm32l0xx_ll_adc.o
 *fill*         0x0000000008001502        0x2 
 .text.LL_ADC_Init
                0x0000000008001504       0x6c ./Drivers/STM32L0xx_HAL_Driver/Src/stm32l0xx_ll_adc.o
                0x0000000008001504                LL_ADC_Init
 .text.LL_ADC_REG_Init
                0x0000000008001570       0x64 ./Drivers/STM32L0xx_HAL_Driver/Src/stm32l0xx_ll_adc.o
                0x0000000008001570                LL_ADC_REG_Init
 .text.LL_GPIO_SetPinMode
                0x00000000080015d4       0x38 ./Drivers/STM32L0xx_HAL_Driver/Src/stm32l0xx_ll_gpio.o
 .text.LL_GPIO_SetPinOutputType
                0x000000000800160c       0x2a ./Drivers/STM32L0xx_HAL_Driver/Src/stm32l0xx_ll_gpio.o
 .text.LL_GPIO_SetPinSpeed
                0x0000000008001636       0x38 ./Drivers/STM32L0xx_HAL_Driver/Src/stm32l0xx_ll_gpio.o
 .text.LL_GPIO_SetPinPull
                0x000000000800166e       0x38 ./Drivers/STM32L0xx_HAL_Driver/Src/stm32l0xx_ll_gpio.o
 .text.LL_GPIO_SetAFPin_0_7
                0x00000000080016a6       0x46 ./Drivers/STM32L0xx_HAL_Driver/Src/stm32l0xx_ll_gpio.o
 .text.LL_GPIO_SetAFPin_8_15
                0x00000000080016ec       0x5a ./Drivers/STM32L0xx_HAL_Driver/Src/stm32l0xx_ll_gpio.o
 .text.LL_GPIO_Init
                0x0000000008001746       0xbc ./Drivers/STM32L0xx_HAL_Driver/Src/stm32l0xx_ll_gpio.o
                0x0000000008001746                LL_GPIO_Init
 *fill*         0x0000000008001802        0x2 
 .text.LL_RCC_HSI_IsReady
                0x0000000008001804       0x20 ./Drivers/STM32L0xx_HAL_Driver/Src/stm32l0xx_ll_rcc.o
 .text.LL_RCC_LSE_IsReady
                0x0000000008001824       0x28 ./Drivers/STM32L0xx_HAL_Driver/Src/stm32l0xx_ll_rcc.o
 .text.LL_RCC_MSI_GetRange
                0x000000000800184c       0x18 ./Drivers/STM32L0xx_HAL_Driver/Src/stm32l0xx_ll_rcc.o
 .text.LL_RCC_GetSysClkSource
                0x0000000008001864       0x18 ./Drivers/STM32L0xx_HAL_Driver/Src/stm32l0xx_ll_rcc.o
 .text.LL_RCC_GetAHBPrescaler
                0x000000000800187c       0x18 ./Drivers/STM32L0xx_HAL_Driver/Src/stm32l0xx_ll_rcc.o
 .text.LL_RCC_GetAPB1Prescaler
                0x0000000008001894       0x18 ./Drivers/STM32L0xx_HAL_Driver/Src/stm32l0xx_ll_rcc.o
 .text.LL_RCC_GetUSARTClockSource
                0x00000000080018ac       0x24 ./Drivers/STM32L0xx_HAL_Driver/Src/stm32l0xx_ll_rcc.o
 .text.LL_RCC_PLL_GetMainSource
                0x00000000080018d0       0x18 ./Drivers/STM32L0xx_HAL_Driver/Src/stm32l0xx_ll_rcc.o
 .text.LL_RCC_PLL_GetMultiplicator
                0x00000000080018e8       0x18 ./Drivers/STM32L0xx_HAL_Driver/Src/stm32l0xx_ll_rcc.o
 .text.LL_RCC_PLL_GetDivider
                0x0000000008001900       0x18 ./Drivers/STM32L0xx_HAL_Driver/Src/stm32l0xx_ll_rcc.o
 .text.LL_RCC_IsActiveFlag_HSIDIV
                0x0000000008001918       0x20 ./Drivers/STM32L0xx_HAL_Driver/Src/stm32l0xx_ll_rcc.o
 .text.LL_RCC_GetUSARTClockFreq
                0x0000000008001938       0xac ./Drivers/STM32L0xx_HAL_Driver/Src/stm32l0xx_ll_rcc.o
                0x0000000008001938                LL_RCC_GetUSARTClockFreq
 .text.RCC_GetSystemClockFreq
                0x00000000080019e4       0x88 ./Drivers/STM32L0xx_HAL_Driver/Src/stm32l0xx_ll_rcc.o
 .text.RCC_GetHCLKClockFreq
                0x0000000008001a6c       0x2c ./Drivers/STM32L0xx_HAL_Driver/Src/stm32l0xx_ll_rcc.o
 .text.RCC_GetPCLK1ClockFreq
                0x0000000008001a98       0x28 ./Drivers/STM32L0xx_HAL_Driver/Src/stm32l0xx_ll_rcc.o
 .text.RCC_PLL_GetFreqDomain_SYS
                0x0000000008001ac0       0x70 ./Drivers/STM32L0xx_HAL_Driver/Src/stm32l0xx_ll_rcc.o
 .text.LL_SPI_IsEnabled
                0x0000000008001b30       0x22 ./Drivers/STM32L0xx_HAL_Driver/Src/stm32l0xx_ll_spi.o
 .text.LL_SPI_SetCRCPolynomial
                0x0000000008001b52       0x1c ./Drivers/STM32L0xx_HAL_Driver/Src/stm32l0xx_ll_spi.o
 *fill*         0x0000000008001b6e        0x2 
 .text.LL_SPI_Init
                0x0000000008001b70       0xac ./Drivers/STM32L0xx_HAL_Driver/Src/stm32l0xx_ll_spi.o
                0x0000000008001b70                LL_SPI_Init
 .text.LL_TIM_SetPrescaler
                0x0000000008001c1c       0x18 ./Drivers/STM32L0xx_HAL_Driver/Src/stm32l0xx_ll_tim.o
 .text.LL_TIM_SetAutoReload
                0x0000000008001c34       0x18 ./Drivers/STM32L0xx_HAL_Driver/Src/stm32l0xx_ll_tim.o
 .text.LL_TIM_OC_SetCompareCH1
                0x0000000008001c4c       0x18 ./Drivers/STM32L0xx_HAL_Driver/Src/stm32l0xx_ll_tim.o
 .text.LL_TIM_OC_SetCompareCH2
                0x0000000008001c64       0x18 ./Drivers/STM32L0xx_HAL_Driver/Src/stm32l0xx_ll_tim.o
 .text.LL_TIM_OC_SetCompareCH3
                0x0000000008001c7c       0x18 ./Drivers/STM32L0xx_HAL_Driver/Src/stm32l0xx_ll_tim.o
 .text.LL_TIM_OC_SetCompareCH4
                0x0000000008001c94       0x18 ./Drivers/STM32L0xx_HAL_Driver/Src/stm32l0xx_ll_tim.o
 .text.LL_TIM_GenerateEvent_UPDATE
                0x0000000008001cac       0x1c ./Drivers/STM32L0xx_HAL_Driver/Src/stm32l0xx_ll_tim.o
 .text.LL_TIM_Init
                0x0000000008001cc8       0x90 ./Drivers/STM32L0xx_HAL_Driver/Src/stm32l0xx_ll_tim.o
                0x0000000008001cc8                LL_TIM_Init
 .text.LL_TIM_OC_Init
                0x0000000008001d58       0xb2 ./Drivers/STM32L0xx_HAL_Driver/Src/stm32l0xx_ll_tim.o
                0x0000000008001d58                LL_TIM_OC_Init
 .text.OC1Config
                0x0000000008001e0a       0x8c ./Drivers/STM32L0xx_HAL_Driver/Src/stm32l0xx_ll_tim.o
 *fill*         0x0000000008001e96        0x2 
 .text.OC2Config
                0x0000000008001e98       0x98 ./Drivers/STM32L0xx_HAL_Driver/Src/stm32l0xx_ll_tim.o
 .text.OC3Config
                0x0000000008001f30       0x94 ./Drivers/STM32L0xx_HAL_Driver/Src/stm32l0xx_ll_tim.o
 .text.OC4Config
                0x0000000008001fc4       0x9c ./Drivers/STM32L0xx_HAL_Driver/Src/stm32l0xx_ll_tim.o
 .text.LL_USART_IsEnabled
                0x0000000008002060       0x22 ./Drivers/STM32L0xx_HAL_Driver/Src/stm32l0xx_ll_usart.o
 *fill*         0x0000000008002082        0x2 
 .text.LL_USART_SetStopBitsLength
                0x0000000008002084       0x28 ./Drivers/STM32L0xx_HAL_Driver/Src/stm32l0xx_ll_usart.o
 .text.LL_USART_SetHWFlowCtrl
                0x00000000080020ac       0x28 ./Drivers/STM32L0xx_HAL_Driver/Src/stm32l0xx_ll_usart.o
 .text.LL_USART_SetBaudRate
                0x00000000080020d4       0x78 ./Drivers/STM32L0xx_HAL_Driver/Src/stm32l0xx_ll_usart.o
 .text.LL_USART_Init
                0x000000000800214c       0xb0 ./Drivers/STM32L0xx_HAL_Driver/Src/stm32l0xx_ll_usart.o
                0x000000000800214c                LL_USART_Init
 .text.LL_InitTick
                0x00000000080021fc       0x34 ./Drivers/STM32L0xx_HAL_Driver/Src/stm32l0xx_ll_utils.o
 .text.LL_Init1msTick
                0x0000000008002230       0x1e ./Drivers/STM32L0xx_HAL_Driver/Src/stm32l0xx_ll_utils.o
                0x0000000008002230                LL_Init1msTick
 *fill*         0x000000000800224e        0x2 
 .text.LL_SetSystemCoreClock
                0x0000000008002250       0x1c ./Drivers/STM32L0xx_HAL_Driver/Src/stm32l0xx_ll_utils.o
                0x0000000008002250                LL_SetSystemCoreClock
 .text.memset   0x000000000800226c       0x10 /opt/st/stm32cubeide_1.14.0/plugins/com.st.stm32cube.ide.mcu.externaltools.gnu-tools-for-stm32.11.3.rel1.linux64_1.1.100.202309141235/tools/bin/../lib/gcc/arm-none-eabi/11.3.1/../../../../arm-none-eabi/lib/thumb/v6-m/nofp/libc_nano.a(libc_a-memset.o)
                0x000000000800226c                memset
 .text.__libc_init_array
                0x000000000800227c       0x48 /opt/st/stm32cubeide_1.14.0/plugins/com.st.stm32cube.ide.mcu.externaltools.gnu-tools-for-stm32.11.3.rel1.linux64_1.1.100.202309141235/tools/bin/../lib/gcc/arm-none-eabi/11.3.1/../../../../arm-none-eabi/lib/thumb/v6-m/nofp/libc_nano.a(libc_a-init.o)
                0x000000000800227c                __libc_init_array
 *(.glue_7)
 .glue_7        0x00000000080022c4        0x0 linker stubs
 *(.glue_7t)
 .glue_7t       0x00000000080022c4        0x0 linker stubs
 *(.eh_frame)
 .eh_frame      0x00000000080022c4        0x0 /opt/st/stm32cubeide_1.14.0/plugins/com.st.stm32cube.ide.mcu.externaltools.gnu-tools-for-stm32.11.3.rel1.linux64_1.1.100.202309141235/tools/bin/../lib/gcc/arm-none-eabi/11.3.1/thumb/v6-m/nofp/crtbegin.o
 *(.init)
 .init          0x00000000080022c4        0x4 /opt/st/stm32cubeide_1.14.0/plugins/com.st.stm32cube.ide.mcu.externaltools.gnu-tools-for-stm32.11.3.rel1.linux64_1.1.100.202309141235/tools/bin/../lib/gcc/arm-none-eabi/11.3.1/thumb/v6-m/nofp/crti.o
                0x00000000080022c4                _init
 .init          0x00000000080022c8        0x8 /opt/st/stm32cubeide_1.14.0/plugins/com.st.stm32cube.ide.mcu.externaltools.gnu-tools-for-stm32.11.3.rel1.linux64_1.1.100.202309141235/tools/bin/../lib/gcc/arm-none-eabi/11.3.1/thumb/v6-m/nofp/crtn.o
 *(.fini)
 .fini          0x00000000080022d0        0x4 /opt/st/stm32cubeide_1.14.0/plugins/com.st.stm32cube.ide.mcu.externaltools.gnu-tools-for-stm32.11.3.rel1.linux64_1.1.100.202309141235/tools/bin/../lib/gcc/arm-none-eabi/11.3.1/thumb/v6-m/nofp/crti.o
                0x00000000080022d0                _fini
 .fini          0x00000000080022d4        0x8 /opt/st/stm32cubeide_1.14.0/plugins/com.st.stm32cube.ide.mcu.externaltools.gnu-tools-for-stm32.11.3.rel1.linux64_1.1.100.202309141235/tools/bin/../lib/gcc/arm-none-eabi/11.3.1/thumb/v6-m/nofp/crtn.o
                0x00000000080022dc                . = ALIGN (0x4)
                0x00000000080022dc                _etext = .

.vfp11_veneer   0x00000000080022dc        0x0
 .vfp11_veneer  0x00000000080022dc        0x0 linker stubs

.v4_bx          0x00000000080022dc        0x0
 .v4_bx         0x00000000080022dc        0x0 linker stubs

.iplt           0x00000000080022dc        0x0
 .iplt          0x00000000080022dc        0x0 /opt/st/stm32cubeide_1.14.0/plugins/com.st.stm32cube.ide.mcu.externaltools.gnu-tools-for-stm32.11.3.rel1.linux64_1.1.100.202309141235/tools/bin/../lib/gcc/arm-none-eabi/11.3.1/thumb/v6-m/nofp/crtbegin.o

.rodata         0x00000000080022dc       0x34
                0x00000000080022dc                . = ALIGN (0x4)
 *(.rodata)
 *(.rodata*)
 .rodata.AHBPrescTable
                0x00000000080022dc       0x10 ./Core/Src/system_stm32l0xx.o
                0x00000000080022dc                AHBPrescTable
 .rodata.APBPrescTable
                0x00000000080022ec        0x8 ./Core/Src/system_stm32l0xx.o
                0x00000000080022ec                APBPrescTable
 .rodata.PLLMulTable
                0x00000000080022f4        0x9 ./Core/Src/system_stm32l0xx.o
                0x00000000080022f4                PLLMulTable
 *fill*         0x00000000080022fd        0x3 
 .rodata.OFFSET_TAB_CCMRx
                0x0000000008002300        0x7 ./Core/Src/tim.o
 *fill*         0x0000000008002307        0x1 
 .rodata.SHIFT_TAB_OCxx
                0x0000000008002308        0x7 ./Core/Src/tim.o
                0x0000000008002310                . = ALIGN (0x4)
 *fill*         0x000000000800230f        0x1 

.rel.dyn        0x0000000008002310        0x0
 .rel.iplt      0x0000000008002310        0x0 /opt/st/stm32cubeide_1.14.0/plugins/com.st.stm32cube.ide.mcu.externaltools.gnu-tools-for-stm32.11.3.rel1.linux64_1.1.100.202309141235/tools/bin/../lib/gcc/arm-none-eabi/11.3.1/thumb/v6-m/nofp/crtbegin.o

.ARM.extab      0x0000000008002310        0x0
                0x0000000008002310                . = ALIGN (0x4)
 *(.ARM.extab* .gnu.linkonce.armextab.*)
                0x0000000008002310                . = ALIGN (0x4)

.ARM            0x0000000008002310        0x0
                0x0000000008002310                . = ALIGN (0x4)
                0x0000000008002310                __exidx_start = .
 *(.ARM.exidx*)
                0x0000000008002310                __exidx_end = .
                0x0000000008002310                . = ALIGN (0x4)

.preinit_array  0x0000000008002310        0x0
                0x0000000008002310                . = ALIGN (0x4)
                0x0000000008002310                PROVIDE (__preinit_array_start = .)
 *(.preinit_array*)
                0x0000000008002310                PROVIDE (__preinit_array_end = .)
                0x0000000008002310                . = ALIGN (0x4)

.init_array     0x0000000008002310        0x4
                0x0000000008002310                . = ALIGN (0x4)
                0x0000000008002310                PROVIDE (__init_array_start = .)
 *(SORT_BY_NAME(.init_array.*))
 *(.init_array*)
 .init_array    0x0000000008002310        0x4 /opt/st/stm32cubeide_1.14.0/plugins/com.st.stm32cube.ide.mcu.externaltools.gnu-tools-for-stm32.11.3.rel1.linux64_1.1.100.202309141235/tools/bin/../lib/gcc/arm-none-eabi/11.3.1/thumb/v6-m/nofp/crtbegin.o
                0x0000000008002314                PROVIDE (__init_array_end = .)
                0x0000000008002314                . = ALIGN (0x4)

.fini_array     0x0000000008002314        0x4
                0x0000000008002314                . = ALIGN (0x4)
                [!provide]                        PROVIDE (__fini_array_start = .)
 *(SORT_BY_NAME(.fini_array.*))
 *(.fini_array*)
 .fini_array    0x0000000008002314        0x4 /opt/st/stm32cubeide_1.14.0/plugins/com.st.stm32cube.ide.mcu.externaltools.gnu-tools-for-stm32.11.3.rel1.linux64_1.1.100.202309141235/tools/bin/../lib/gcc/arm-none-eabi/11.3.1/thumb/v6-m/nofp/crtbegin.o
                [!provide]                        PROVIDE (__fini_array_end = .)
                0x0000000008002318                . = ALIGN (0x4)
                0x0000000008002318                _sidata = LOADADDR (.data)

.data           0x0000000020000000        0xc load address 0x0000000008002318
                0x0000000020000000                . = ALIGN (0x4)
                0x0000000020000000                _sdata = .
 *(.data)
 *(.data*)
 .data.info     0x0000000020000000        0x8 ./Core/Src/led.o
 .data.SystemCoreClock
                0x0000000020000008        0x4 ./Core/Src/system_stm32l0xx.o
                0x0000000020000008                SystemCoreClock
 *(.RamFunc)
 *(.RamFunc*)
                0x000000002000000c                . = ALIGN (0x4)
                0x000000002000000c                _edata = .

.igot.plt       0x000000002000000c        0x0 load address 0x0000000008002324
 .igot.plt      0x000000002000000c        0x0 /opt/st/stm32cubeide_1.14.0/plugins/com.st.stm32cube.ide.mcu.externaltools.gnu-tools-for-stm32.11.3.rel1.linux64_1.1.100.202309141235/tools/bin/../lib/gcc/arm-none-eabi/11.3.1/thumb/v6-m/nofp/crtbegin.o
                0x000000002000000c                . = ALIGN (0x4)

.bss            0x000000002000000c       0x1c load address 0x0000000008002324
                0x000000002000000c                _sbss = .
                0x000000002000000c                __bss_start__ = _sbss
 *(.bss)
 .bss           0x000000002000000c       0x1c /opt/st/stm32cubeide_1.14.0/plugins/com.st.stm32cube.ide.mcu.externaltools.gnu-tools-for-stm32.11.3.rel1.linux64_1.1.100.202309141235/tools/bin/../lib/gcc/arm-none-eabi/11.3.1/thumb/v6-m/nofp/crtbegin.o
 *(.bss*)
 *(COMMON)
                0x0000000020000028                . = ALIGN (0x4)
                0x0000000020000028                _ebss = .
                0x0000000020000028                __bss_end__ = _ebss

._user_heap_stack
                0x0000000020000028      0x600 load address 0x0000000008002324
                0x0000000020000028                . = ALIGN (0x8)
                [!provide]                        PROVIDE (end = .)
                0x0000000020000028                PROVIDE (_end = .)
                0x0000000020000228                . = (. + _Min_Heap_Size)
 *fill*         0x0000000020000028      0x200 
                0x0000000020000628                . = (. + _Min_Stack_Size)
 *fill*         0x0000000020000228      0x400 
                0x0000000020000628                . = ALIGN (0x8)

/DISCARD/
 libc.a(*)
 libm.a(*)
 libgcc.a(*)

.ARM.attributes
                0x0000000000000000       0x28
 *(.ARM.attributes)
 .ARM.attributes
                0x0000000000000000       0x1e /opt/st/stm32cubeide_1.14.0/plugins/com.st.stm32cube.ide.mcu.externaltools.gnu-tools-for-stm32.11.3.rel1.linux64_1.1.100.202309141235/tools/bin/../lib/gcc/arm-none-eabi/11.3.1/thumb/v6-m/nofp/crti.o
 .ARM.attributes
                0x000000000000001e       0x2c /opt/st/stm32cubeide_1.14.0/plugins/com.st.stm32cube.ide.mcu.externaltools.gnu-tools-for-stm32.11.3.rel1.linux64_1.1.100.202309141235/tools/bin/../lib/gcc/arm-none-eabi/11.3.1/thumb/v6-m/nofp/crtbegin.o
 .ARM.attributes
                0x000000000000004a       0x2c ./Core/Src/Serial.o
 .ARM.attributes
                0x0000000000000076       0x2c ./Core/Src/TimeBase.o
 .ARM.attributes
                0x00000000000000a2       0x2c ./Core/Src/adc.o
 .ARM.attributes
                0x00000000000000ce       0x2c ./Core/Src/gpio.o
 .ARM.attributes
                0x00000000000000fa       0x2c ./Core/Src/led.o
 .ARM.attributes
                0x0000000000000126       0x2c ./Core/Src/main.o
 .ARM.attributes
                0x0000000000000152       0x2c ./Core/Src/spi.o
 .ARM.attributes
                0x000000000000017e       0x2c ./Core/Src/stm32l0xx_it.o
 .ARM.attributes
                0x00000000000001aa       0x2c ./Core/Src/system_stm32l0xx.o
 .ARM.attributes
                0x00000000000001d6       0x2c ./Core/Src/tim.o
 .ARM.attributes
                0x0000000000000202       0x2c ./Core/Src/usart.o
 .ARM.attributes
                0x000000000000022e       0x22 ./Core/Startup/startup_stm32l021k4tx.o
 .ARM.attributes
                0x0000000000000250       0x2c ./Drivers/STM32L0xx_HAL_Driver/Src/stm32l0xx_ll_adc.o
 .ARM.attributes
                0x000000000000027c       0x2c ./Drivers/STM32L0xx_HAL_Driver/Src/stm32l0xx_ll_gpio.o
 .ARM.attributes
                0x00000000000002a8       0x2c ./Drivers/STM32L0xx_HAL_Driver/Src/stm32l0xx_ll_rcc.o
 .ARM.attributes
                0x00000000000002d4       0x2c ./Drivers/STM32L0xx_HAL_Driver/Src/stm32l0xx_ll_spi.o
 .ARM.attributes
                0x0000000000000300       0x2c ./Drivers/STM32L0xx_HAL_Driver/Src/stm32l0xx_ll_tim.o
 .ARM.attributes
                0x000000000000032c       0x2c ./Drivers/STM32L0xx_HAL_Driver/Src/stm32l0xx_ll_usart.o
 .ARM.attributes
                0x0000000000000358       0x2c ./Drivers/STM32L0xx_HAL_Driver/Src/stm32l0xx_ll_utils.o
 .ARM.attributes
                0x0000000000000384       0x2c /opt/st/stm32cubeide_1.14.0/plugins/com.st.stm32cube.ide.mcu.externaltools.gnu-tools-for-stm32.11.3.rel1.linux64_1.1.100.202309141235/tools/bin/../lib/gcc/arm-none-eabi/11.3.1/../../../../arm-none-eabi/lib/thumb/v6-m/nofp/libc_nano.a(libc_a-memset.o)
 .ARM.attributes
                0x00000000000003b0       0x2c /opt/st/stm32cubeide_1.14.0/plugins/com.st.stm32cube.ide.mcu.externaltools.gnu-tools-for-stm32.11.3.rel1.linux64_1.1.100.202309141235/tools/bin/../lib/gcc/arm-none-eabi/11.3.1/../../../../arm-none-eabi/lib/thumb/v6-m/nofp/libc_nano.a(libc_a-init.o)
 .ARM.attributes
                0x00000000000003dc       0x1e /opt/st/stm32cubeide_1.14.0/plugins/com.st.stm32cube.ide.mcu.externaltools.gnu-tools-for-stm32.11.3.rel1.linux64_1.1.100.202309141235/tools/bin/../lib/gcc/arm-none-eabi/11.3.1/thumb/v6-m/nofp/libgcc.a(_udivsi3.o)
 .ARM.attributes
                0x00000000000003fa       0x1e /opt/st/stm32cubeide_1.14.0/plugins/com.st.stm32cube.ide.mcu.externaltools.gnu-tools-for-stm32.11.3.rel1.linux64_1.1.100.202309141235/tools/bin/../lib/gcc/arm-none-eabi/11.3.1/thumb/v6-m/nofp/libgcc.a(_dvmd_tls.o)
 .ARM.attributes
                0x0000000000000418       0x1e /opt/st/stm32cubeide_1.14.0/plugins/com.st.stm32cube.ide.mcu.externaltools.gnu-tools-for-stm32.11.3.rel1.linux64_1.1.100.202309141235/tools/bin/../lib/gcc/arm-none-eabi/11.3.1/thumb/v6-m/nofp/crtn.o
OUTPUT(TP_micro.elf elf32-littlearm)
LOAD linker stubs
LOAD /opt/st/stm32cubeide_1.14.0/plugins/com.st.stm32cube.ide.mcu.externaltools.gnu-tools-for-stm32.11.3.rel1.linux64_1.1.100.202309141235/tools/bin/../lib/gcc/arm-none-eabi/11.3.1/../../../../arm-none-eabi/lib/thumb/v6-m/nofp/libc.a
LOAD /opt/st/stm32cubeide_1.14.0/plugins/com.st.stm32cube.ide.mcu.externaltools.gnu-tools-for-stm32.11.3.rel1.linux64_1.1.100.202309141235/tools/bin/../lib/gcc/arm-none-eabi/11.3.1/../../../../arm-none-eabi/lib/thumb/v6-m/nofp/libm.a
LOAD /opt/st/stm32cubeide_1.14.0/plugins/com.st.stm32cube.ide.mcu.externaltools.gnu-tools-for-stm32.11.3.rel1.linux64_1.1.100.202309141235/tools/bin/../lib/gcc/arm-none-eabi/11.3.1/thumb/v6-m/nofp/libgcc.a

.comment        0x0000000000000000       0x43
 .comment       0x0000000000000000       0x43 /opt/st/stm32cubeide_1.14.0/plugins/com.st.stm32cube.ide.mcu.externaltools.gnu-tools-for-stm32.11.3.rel1.linux64_1.1.100.202309141235/tools/bin/../lib/gcc/arm-none-eabi/11.3.1/thumb/v6-m/nofp/crtbegin.o
                                         0x44 (size before relaxing)
 .comment       0x0000000000000043       0x44 ./Core/Src/Serial.o
 .comment       0x0000000000000043       0x44 ./Core/Src/TimeBase.o
 .comment       0x0000000000000043       0x44 ./Core/Src/adc.o
 .comment       0x0000000000000043       0x44 ./Core/Src/gpio.o
 .comment       0x0000000000000043       0x44 ./Core/Src/led.o
 .comment       0x0000000000000043       0x44 ./Core/Src/main.o
 .comment       0x0000000000000043       0x44 ./Core/Src/spi.o
 .comment       0x0000000000000043       0x44 ./Core/Src/stm32l0xx_it.o
 .comment       0x0000000000000043       0x44 ./Core/Src/system_stm32l0xx.o
 .comment       0x0000000000000043       0x44 ./Core/Src/tim.o
 .comment       0x0000000000000043       0x44 ./Core/Src/usart.o
 .comment       0x0000000000000043       0x44 ./Drivers/STM32L0xx_HAL_Driver/Src/stm32l0xx_ll_adc.o
 .comment       0x0000000000000043       0x44 ./Drivers/STM32L0xx_HAL_Driver/Src/stm32l0xx_ll_gpio.o
 .comment       0x0000000000000043       0x44 ./Drivers/STM32L0xx_HAL_Driver/Src/stm32l0xx_ll_rcc.o
 .comment       0x0000000000000043       0x44 ./Drivers/STM32L0xx_HAL_Driver/Src/stm32l0xx_ll_spi.o
 .comment       0x0000000000000043       0x44 ./Drivers/STM32L0xx_HAL_Driver/Src/stm32l0xx_ll_tim.o
 .comment       0x0000000000000043       0x44 ./Drivers/STM32L0xx_HAL_Driver/Src/stm32l0xx_ll_usart.o
 .comment       0x0000000000000043       0x44 ./Drivers/STM32L0xx_HAL_Driver/Src/stm32l0xx_ll_utils.o

.debug_info     0x0000000000000000     0x6cb0
 .debug_info    0x0000000000000000      0x30c ./Core/Src/Serial.o
 .debug_info    0x000000000000030c      0x25a ./Core/Src/TimeBase.o
 .debug_info    0x0000000000000566      0x825 ./Core/Src/adc.o
 .debug_info    0x0000000000000d8b      0x41a ./Core/Src/gpio.o
 .debug_info    0x00000000000011a5      0x354 ./Core/Src/led.o
 .debug_info    0x00000000000014f9      0xad9 ./Core/Src/main.o
 .debug_info    0x0000000000001fd2      0x577 ./Core/Src/spi.o
 .debug_info    0x0000000000002549      0x177 ./Core/Src/stm32l0xx_it.o
 .debug_info    0x00000000000026c0      0x2c9 ./Core/Src/system_stm32l0xx.o
 .debug_info    0x0000000000002989      0xb17 ./Core/Src/tim.o
 .debug_info    0x00000000000034a0      0x5a2 ./Core/Src/usart.o
 .debug_info    0x0000000000003a42       0x23 ./Core/Startup/startup_stm32l021k4tx.o
 .debug_info    0x0000000000003a65      0x742 ./Drivers/STM32L0xx_HAL_Driver/Src/stm32l0xx_ll_adc.o
 .debug_info    0x00000000000041a7      0x566 ./Drivers/STM32L0xx_HAL_Driver/Src/stm32l0xx_ll_gpio.o
 .debug_info    0x000000000000470d      0x70a ./Drivers/STM32L0xx_HAL_Driver/Src/stm32l0xx_ll_rcc.o
 .debug_info    0x0000000000004e17      0x41a ./Drivers/STM32L0xx_HAL_Driver/Src/stm32l0xx_ll_spi.o
 .debug_info    0x0000000000005231      0xc1b ./Drivers/STM32L0xx_HAL_Driver/Src/stm32l0xx_ll_tim.o
 .debug_info    0x0000000000005e4c      0x5fa ./Drivers/STM32L0xx_HAL_Driver/Src/stm32l0xx_ll_usart.o
 .debug_info    0x0000000000006446      0x86a ./Drivers/STM32L0xx_HAL_Driver/Src/stm32l0xx_ll_utils.o

.debug_abbrev   0x0000000000000000     0x1e9f
 .debug_abbrev  0x0000000000000000      0x180 ./Core/Src/Serial.o
 .debug_abbrev  0x0000000000000180      0x111 ./Core/Src/TimeBase.o
 .debug_abbrev  0x0000000000000291      0x192 ./Core/Src/adc.o
 .debug_abbrev  0x0000000000000423      0x197 ./Core/Src/gpio.o
 .debug_abbrev  0x00000000000005ba      0x166 ./Core/Src/led.o
 .debug_abbrev  0x0000000000000720      0x31d ./Core/Src/main.o
 .debug_abbrev  0x0000000000000a3d      0x19c ./Core/Src/spi.o
 .debug_abbrev  0x0000000000000bd9       0xad ./Core/Src/stm32l0xx_it.o
 .debug_abbrev  0x0000000000000c86      0x11c ./Core/Src/system_stm32l0xx.o
 .debug_abbrev  0x0000000000000da2      0x1d3 ./Core/Src/tim.o
 .debug_abbrev  0x0000000000000f75      0x19b ./Core/Src/usart.o
 .debug_abbrev  0x0000000000001110       0x12 ./Core/Startup/startup_stm32l021k4tx.o
 .debug_abbrev  0x0000000000001122      0x1e1 ./Drivers/STM32L0xx_HAL_Driver/Src/stm32l0xx_ll_adc.o
 .debug_abbrev  0x0000000000001303      0x1a6 ./Drivers/STM32L0xx_HAL_Driver/Src/stm32l0xx_ll_gpio.o
 .debug_abbrev  0x00000000000014a9      0x223 ./Drivers/STM32L0xx_HAL_Driver/Src/stm32l0xx_ll_rcc.o
 .debug_abbrev  0x00000000000016cc      0x186 ./Drivers/STM32L0xx_HAL_Driver/Src/stm32l0xx_ll_spi.o
 .debug_abbrev  0x0000000000001852      0x211 ./Drivers/STM32L0xx_HAL_Driver/Src/stm32l0xx_ll_tim.o
 .debug_abbrev  0x0000000000001a63      0x1e4 ./Drivers/STM32L0xx_HAL_Driver/Src/stm32l0xx_ll_usart.o
 .debug_abbrev  0x0000000000001c47      0x258 ./Drivers/STM32L0xx_HAL_Driver/Src/stm32l0xx_ll_utils.o

.debug_aranges  0x0000000000000000      0x8b0
 .debug_aranges
                0x0000000000000000       0x48 ./Core/Src/Serial.o
 .debug_aranges
                0x0000000000000048       0x28 ./Core/Src/TimeBase.o
 .debug_aranges
                0x0000000000000070       0x70 ./Core/Src/adc.o
 .debug_aranges
                0x00000000000000e0       0x30 ./Core/Src/gpio.o
 .debug_aranges
                0x0000000000000110       0x50 ./Core/Src/led.o
 .debug_aranges
                0x0000000000000160       0xc0 ./Core/Src/main.o
 .debug_aranges
                0x0000000000000220       0x38 ./Core/Src/spi.o
 .debug_aranges
                0x0000000000000258       0x48 ./Core/Src/stm32l0xx_it.o
 .debug_aranges
                0x00000000000002a0       0x28 ./Core/Src/system_stm32l0xx.o
 .debug_aranges
                0x00000000000002c8       0x80 ./Core/Src/tim.o
 .debug_aranges
                0x0000000000000348       0x40 ./Core/Src/usart.o
 .debug_aranges
                0x0000000000000388       0x28 ./Core/Startup/startup_stm32l021k4tx.o
 .debug_aranges
                0x00000000000003b0       0xa8 ./Drivers/STM32L0xx_HAL_Driver/Src/stm32l0xx_ll_adc.o
 .debug_aranges
                0x0000000000000458       0x70 ./Drivers/STM32L0xx_HAL_Driver/Src/stm32l0xx_ll_gpio.o
 .debug_aranges
                0x00000000000004c8      0x130 ./Drivers/STM32L0xx_HAL_Driver/Src/stm32l0xx_ll_rcc.o
 .debug_aranges
                0x00000000000005f8       0x50 ./Drivers/STM32L0xx_HAL_Driver/Src/stm32l0xx_ll_spi.o
 .debug_aranges
                0x0000000000000648      0x100 ./Drivers/STM32L0xx_HAL_Driver/Src/stm32l0xx_ll_tim.o
 .debug_aranges
                0x0000000000000748       0x78 ./Drivers/STM32L0xx_HAL_Driver/Src/stm32l0xx_ll_usart.o
 .debug_aranges
                0x00000000000007c0       0xf0 ./Drivers/STM32L0xx_HAL_Driver/Src/stm32l0xx_ll_utils.o

.debug_rnglists
                0x0000000000000000      0x644
 .debug_rnglists
                0x0000000000000000       0x31 ./Core/Src/Serial.o
 .debug_rnglists
                0x0000000000000031       0x19 ./Core/Src/TimeBase.o
 .debug_rnglists
                0x000000000000004a       0x50 ./Core/Src/adc.o
 .debug_rnglists
                0x000000000000009a       0x1f ./Core/Src/gpio.o
 .debug_rnglists
                0x00000000000000b9       0x37 ./Core/Src/led.o
 .debug_rnglists
                0x00000000000000f0       0x8d ./Core/Src/main.o
 .debug_rnglists
                0x000000000000017d       0x26 ./Core/Src/spi.o
 .debug_rnglists
                0x00000000000001a3       0x31 ./Core/Src/stm32l0xx_it.o
 .debug_rnglists
                0x00000000000001d4       0x1a ./Core/Src/system_stm32l0xx.o
 .debug_rnglists
                0x00000000000001ee       0x5d ./Core/Src/tim.o
 .debug_rnglists
                0x000000000000024b       0x2c ./Core/Src/usart.o
 .debug_rnglists
                0x0000000000000277       0x1a ./Core/Startup/startup_stm32l021k4tx.o
 .debug_rnglists
                0x0000000000000291       0x7a ./Drivers/STM32L0xx_HAL_Driver/Src/stm32l0xx_ll_adc.o
 .debug_rnglists
                0x000000000000030b       0x50 ./Drivers/STM32L0xx_HAL_Driver/Src/stm32l0xx_ll_gpio.o
 .debug_rnglists
                0x000000000000035b       0xe5 ./Drivers/STM32L0xx_HAL_Driver/Src/stm32l0xx_ll_rcc.o
 .debug_rnglists
                0x0000000000000440       0x38 ./Drivers/STM32L0xx_HAL_Driver/Src/stm32l0xx_ll_spi.o
 .debug_rnglists
                0x0000000000000478       0xc3 ./Drivers/STM32L0xx_HAL_Driver/Src/stm32l0xx_ll_tim.o
 .debug_rnglists
                0x000000000000053b       0x56 ./Drivers/STM32L0xx_HAL_Driver/Src/stm32l0xx_ll_usart.o
 .debug_rnglists
                0x0000000000000591       0xb3 ./Drivers/STM32L0xx_HAL_Driver/Src/stm32l0xx_ll_utils.o

.debug_macro    0x0000000000000000     0xd1d7
 .debug_macro   0x0000000000000000      0x162 ./Core/Src/Serial.o
 .debug_macro   0x0000000000000162      0xac0 ./Core/Src/Serial.o
 .debug_macro   0x0000000000000c22       0x22 ./Core/Src/Serial.o
 .debug_macro   0x0000000000000c44       0x8e ./Core/Src/Serial.o
 .debug_macro   0x0000000000000cd2       0x51 ./Core/Src/Serial.o
 .debug_macro   0x0000000000000d23      0x103 ./Core/Src/Serial.o
 .debug_macro   0x0000000000000e26       0x6a ./Core/Src/Serial.o
 .debug_macro   0x0000000000000e90      0x1df ./Core/Src/Serial.o
 .debug_macro   0x000000000000106f       0x2e ./Core/Src/Serial.o
 .debug_macro   0x000000000000109d       0x28 ./Core/Src/Serial.o
 .debug_macro   0x00000000000010c5       0x1c ./Core/Src/Serial.o
 .debug_macro   0x00000000000010e1       0x22 ./Core/Src/Serial.o
 .debug_macro   0x0000000000001103       0xaf ./Core/Src/Serial.o
 .debug_macro   0x00000000000011b2      0x3ad ./Core/Src/Serial.o
 .debug_macro   0x000000000000155f     0x7e0b ./Core/Src/Serial.o
 .debug_macro   0x000000000000936a       0x66 ./Core/Src/Serial.o
 .debug_macro   0x00000000000093d0      0x6be ./Core/Src/Serial.o
 .debug_macro   0x0000000000009a8e      0x3b4 ./Core/Src/Serial.o
 .debug_macro   0x0000000000009e42       0xad ./Core/Src/Serial.o
 .debug_macro   0x0000000000009eef      0x13d ./Core/Src/Serial.o
 .debug_macro   0x000000000000a02c      0x108 ./Core/Src/Serial.o
 .debug_macro   0x000000000000a134       0x16 ./Core/Src/Serial.o
 .debug_macro   0x000000000000a14a       0x2a ./Core/Src/Serial.o
 .debug_macro   0x000000000000a174       0xda ./Core/Src/Serial.o
 .debug_macro   0x000000000000a24e      0x285 ./Core/Src/Serial.o
 .debug_macro   0x000000000000a4d3      0x123 ./Core/Src/Serial.o
 .debug_macro   0x000000000000a5f6      0x545 ./Core/Src/Serial.o
 .debug_macro   0x000000000000ab3b      0x30c ./Core/Src/Serial.o
 .debug_macro   0x000000000000ae47      0x12d ./Core/Src/Serial.o
 .debug_macro   0x000000000000af74       0x2e ./Core/Src/Serial.o
 .debug_macro   0x000000000000afa2       0xdd ./Core/Src/TimeBase.o
 .debug_macro   0x000000000000b07f      0x53f ./Core/Src/TimeBase.o
 .debug_macro   0x000000000000b5be      0x158 ./Core/Src/adc.o
 .debug_macro   0x000000000000b716      0x158 ./Core/Src/gpio.o
 .debug_macro   0x000000000000b86e       0xd3 ./Core/Src/led.o
 .debug_macro   0x000000000000b941      0x198 ./Core/Src/main.o
 .debug_macro   0x000000000000bad9      0x158 ./Core/Src/spi.o
 .debug_macro   0x000000000000bc31      0x162 ./Core/Src/stm32l0xx_it.o
 .debug_macro   0x000000000000bd93       0xba ./Core/Src/system_stm32l0xx.o
 .debug_macro   0x000000000000be4d      0x158 ./Core/Src/tim.o
 .debug_macro   0x000000000000bfa5      0x158 ./Core/Src/usart.o
 .debug_macro   0x000000000000c0fd      0x131 ./Drivers/STM32L0xx_HAL_Driver/Src/stm32l0xx_ll_adc.o
 .debug_macro   0x000000000000c22e       0xfc ./Drivers/STM32L0xx_HAL_Driver/Src/stm32l0xx_ll_gpio.o
 .debug_macro   0x000000000000c32a      0x127 ./Drivers/STM32L0xx_HAL_Driver/Src/stm32l0xx_ll_gpio.o
 .debug_macro   0x000000000000c451       0xe7 ./Drivers/STM32L0xx_HAL_Driver/Src/stm32l0xx_ll_rcc.o
 .debug_macro   0x000000000000c538      0x3ae ./Drivers/STM32L0xx_HAL_Driver/Src/stm32l0xx_ll_rcc.o
 .debug_macro   0x000000000000c8e6      0x123 ./Drivers/STM32L0xx_HAL_Driver/Src/stm32l0xx_ll_spi.o
 .debug_macro   0x000000000000ca09      0x11d ./Drivers/STM32L0xx_HAL_Driver/Src/stm32l0xx_ll_spi.o
 .debug_macro   0x000000000000cb26      0x11a ./Drivers/STM32L0xx_HAL_Driver/Src/stm32l0xx_ll_tim.o
 .debug_macro   0x000000000000cc40      0x12f ./Drivers/STM32L0xx_HAL_Driver/Src/stm32l0xx_ll_usart.o
 .debug_macro   0x000000000000cd6f      0x306 ./Drivers/STM32L0xx_HAL_Driver/Src/stm32l0xx_ll_usart.o
 .debug_macro   0x000000000000d075      0x162 ./Drivers/STM32L0xx_HAL_Driver/Src/stm32l0xx_ll_utils.o

.debug_line     0x0000000000000000     0x7c35
 .debug_line    0x0000000000000000      0x68d ./Core/Src/Serial.o
 .debug_line    0x000000000000068d      0x496 ./Core/Src/TimeBase.o
 .debug_line    0x0000000000000b23      0x6f3 ./Core/Src/adc.o
 .debug_line    0x0000000000001216      0x5f1 ./Core/Src/gpio.o
 .debug_line    0x0000000000001807      0x528 ./Core/Src/led.o
 .debug_line    0x0000000000001d2f      0x951 ./Core/Src/main.o
 .debug_line    0x0000000000002680      0x660 ./Core/Src/spi.o
 .debug_line    0x0000000000002ce0      0x628 ./Core/Src/stm32l0xx_it.o
 .debug_line    0x0000000000003308      0x4e3 ./Core/Src/system_stm32l0xx.o
 .debug_line    0x00000000000037eb      0x857 ./Core/Src/tim.o
 .debug_line    0x0000000000004042      0x664 ./Core/Src/usart.o
 .debug_line    0x00000000000046a6       0x8d ./Core/Startup/startup_stm32l021k4tx.o
 .debug_line    0x0000000000004733      0x6fe ./Drivers/STM32L0xx_HAL_Driver/Src/stm32l0xx_ll_adc.o
 .debug_line    0x0000000000004e31      0x603 ./Drivers/STM32L0xx_HAL_Driver/Src/stm32l0xx_ll_gpio.o
 .debug_line    0x0000000000005434      0xa12 ./Drivers/STM32L0xx_HAL_Driver/Src/stm32l0xx_ll_rcc.o
 .debug_line    0x0000000000005e46      0x58a ./Drivers/STM32L0xx_HAL_Driver/Src/stm32l0xx_ll_spi.o
 .debug_line    0x00000000000063d0      0x8f7 ./Drivers/STM32L0xx_HAL_Driver/Src/stm32l0xx_ll_tim.o
 .debug_line    0x0000000000006cc7      0x66c ./Drivers/STM32L0xx_HAL_Driver/Src/stm32l0xx_ll_usart.o
 .debug_line    0x0000000000007333      0x902 ./Drivers/STM32L0xx_HAL_Driver/Src/stm32l0xx_ll_utils.o

.debug_str      0x0000000000000000    0x43276
 .debug_str     0x0000000000000000    0x3e248 ./Core/Src/Serial.o
                                      0x3e485 (size before relaxing)
 .debug_str     0x000000000003e248       0xbb ./Core/Src/TimeBase.o
                                      0x33c34 (size before relaxing)
 .debug_str     0x000000000003e303      0x3dd ./Core/Src/adc.o
                                      0x3e7d3 (size before relaxing)
 .debug_str     0x000000000003e6e0       0x51 ./Core/Src/gpio.o
                                      0x3e53f (size before relaxing)
 .debug_str     0x000000000003e731       0xb5 ./Core/Src/led.o
                                      0x33cad (size before relaxing)
 .debug_str     0x000000000003e7e6      0x421 ./Core/Src/main.o
                                      0x3e9e3 (size before relaxing)
 .debug_str     0x000000000003ec07       0xcd ./Core/Src/spi.o
                                      0x3e5fe (size before relaxing)
 .debug_str     0x000000000003ecd4       0x87 ./Core/Src/stm32l0xx_it.o
                                      0x3e421 (size before relaxing)
 .debug_str     0x000000000003ed5b       0x89 ./Core/Src/system_stm32l0xx.o
                                      0x31220 (size before relaxing)
 .debug_str     0x000000000003ede4      0x16c ./Core/Src/tim.o
                                      0x3e956 (size before relaxing)
 .debug_str     0x000000000003ef50       0xa2 ./Core/Src/usart.o
                                      0x3e60e (size before relaxing)
 .debug_str     0x000000000003eff2       0x34 ./Core/Startup/startup_stm32l021k4tx.o
                                         0x5e (size before relaxing)
 .debug_str     0x000000000003f026      0xe39 ./Drivers/STM32L0xx_HAL_Driver/Src/stm32l0xx_ll_adc.o
                                      0x36c5d (size before relaxing)
 .debug_str     0x000000000003fe5f      0x539 ./Drivers/STM32L0xx_HAL_Driver/Src/stm32l0xx_ll_gpio.o
                                      0x32321 (size before relaxing)
 .debug_str     0x0000000000040398      0x547 ./Drivers/STM32L0xx_HAL_Driver/Src/stm32l0xx_ll_rcc.o
                                      0x33025 (size before relaxing)
 .debug_str     0x00000000000408df      0x744 ./Drivers/STM32L0xx_HAL_Driver/Src/stm32l0xx_ll_spi.o
                                      0x33d63 (size before relaxing)
 .debug_str     0x0000000000041023      0xd67 ./Drivers/STM32L0xx_HAL_Driver/Src/stm32l0xx_ll_tim.o
                                      0x34f9b (size before relaxing)
 .debug_str     0x0000000000041d8a      0x805 ./Drivers/STM32L0xx_HAL_Driver/Src/stm32l0xx_ll_usart.o
                                      0x3491e (size before relaxing)
 .debug_str     0x000000000004258f      0xce7 ./Drivers/STM32L0xx_HAL_Driver/Src/stm32l0xx_ll_utils.o
                                      0x3474e (size before relaxing)

.debug_frame    0x0000000000000000     0x1c3c
 .debug_frame   0x0000000000000000       0xcc ./Core/Src/Serial.o
 .debug_frame   0x00000000000000cc       0x4c ./Core/Src/TimeBase.o
 .debug_frame   0x0000000000000118      0x174 ./Core/Src/adc.o
 .debug_frame   0x000000000000028c       0x70 ./Core/Src/gpio.o
 .debug_frame   0x00000000000002fc       0xe8 ./Core/Src/led.o
 .debug_frame   0x00000000000003e4      0x294 ./Core/Src/main.o
 .debug_frame   0x0000000000000678       0x90 ./Core/Src/spi.o
 .debug_frame   0x0000000000000708       0xb8 ./Core/Src/stm32l0xx_it.o
 .debug_frame   0x00000000000007c0       0x4c ./Core/Src/system_stm32l0xx.o
 .debug_frame   0x000000000000080c      0x1b4 ./Core/Src/tim.o
 .debug_frame   0x00000000000009c0       0xb0 ./Core/Src/usart.o
 .debug_frame   0x0000000000000a70      0x250 ./Drivers/STM32L0xx_HAL_Driver/Src/stm32l0xx_ll_adc.o
 .debug_frame   0x0000000000000cc0      0x170 ./Drivers/STM32L0xx_HAL_Driver/Src/stm32l0xx_ll_gpio.o
 .debug_frame   0x0000000000000e30      0x42c ./Drivers/STM32L0xx_HAL_Driver/Src/stm32l0xx_ll_rcc.o
 .debug_frame   0x000000000000125c       0xf0 ./Drivers/STM32L0xx_HAL_Driver/Src/stm32l0xx_ll_spi.o
 .debug_frame   0x000000000000134c      0x3b0 ./Drivers/STM32L0xx_HAL_Driver/Src/stm32l0xx_ll_tim.o
 .debug_frame   0x00000000000016fc      0x190 ./Drivers/STM32L0xx_HAL_Driver/Src/stm32l0xx_ll_usart.o
 .debug_frame   0x000000000000188c      0x344 ./Drivers/STM32L0xx_HAL_Driver/Src/stm32l0xx_ll_utils.o
 .debug_frame   0x0000000000001bd0       0x20 /opt/st/stm32cubeide_1.14.0/plugins/com.st.stm32cube.ide.mcu.externaltools.gnu-tools-for-stm32.11.3.rel1.linux64_1.1.100.202309141235/tools/bin/../lib/gcc/arm-none-eabi/11.3.1/../../../../arm-none-eabi/lib/thumb/v6-m/nofp/libc_nano.a(libc_a-memset.o)
 .debug_frame   0x0000000000001bf0       0x2c /opt/st/stm32cubeide_1.14.0/plugins/com.st.stm32cube.ide.mcu.externaltools.gnu-tools-for-stm32.11.3.rel1.linux64_1.1.100.202309141235/tools/bin/../lib/gcc/arm-none-eabi/11.3.1/../../../../arm-none-eabi/lib/thumb/v6-m/nofp/libc_nano.a(libc_a-init.o)
 .debug_frame   0x0000000000001c1c       0x20 /opt/st/stm32cubeide_1.14.0/plugins/com.st.stm32cube.ide.mcu.externaltools.gnu-tools-for-stm32.11.3.rel1.linux64_1.1.100.202309141235/tools/bin/../lib/gcc/arm-none-eabi/11.3.1/thumb/v6-m/nofp/libgcc.a(_udivsi3.o)

.debug_line_str
                0x0000000000000000       0x52
 .debug_line_str
                0x0000000000000000       0x52 ./Core/Startup/startup_stm32l021k4tx.o
                                         0x6a (size before relaxing)
